// Jest Snapshot v1, https://goo.gl/fbAQLP

exports[`renders my card 1`] = `
<div
  className="card"
  style={
    Object {
      "width": "18rem",
    }
  }
>
  <img
    className="card-img-top"
    src="https://scontent-atl3-2.xx.fbcdn.net/v/t1.6435-9/39811523_10216104584714572_3458017168036200448_n.jpg?_nc_cat=111&ccb=1-7&_nc_sid=0debeb&_nc_ohc=JHwsCvPcGioAX_xxd5d&tn=5ClC7_3Dd0oRpZ0J&_nc_ht=scontent-atl3-2.xx&oh=00_AT_eR-zCUuVKTOJ3Gl2_SSj7Im159erLLFoiGKp9JGWlpw&oe=62E21F0F"
    style={
      Object {
        "height": "18rem",
      }
    }
  />
  <div
    className="card-body"
  >
    <div
      className="card-title h5"
    >
      kiqueangulo
    </div>
    <p
      className="card-text"
    >
      Living the life.
    </p>
  </div>
  <div
    className="card-body"
  >
    <a
      className="card-link"
      href="https://github.com/kiqueangulo"
    >
      GitHub
    </a>
  </div>
</div>
`;
